---
source: ironsmith-parser/src/lib.rs
expression: ast
input_file: ironsmith-parser/fixtures/main.smithy
---
Ast {
    control: [
        (
            "version",
            String(
                String(
                    "2.0",
                ),
            ),
        ),
    ],
    metadata: [],
    shapes: Some(
        ShapeSection {
            namespace: "smithy.protocoltests.rpcv2Cbor",
            uses: [
                AbsoluteRootShapeId {
                    namespace: "smithy.protocols",
                    identifier: "rpcv2Cbor",
                },
                AbsoluteRootShapeId {
                    namespace: "smithy.test",
                    identifier: "httpRequestTests",
                },
                AbsoluteRootShapeId {
                    namespace: "smithy.test",
                    identifier: "httpResponseTests",
                },
            ],
            shapes: [
                Shape(
                    ShapeWithTraits {
                        traits: [
                            Trait {
                                shape_id: ShapeId {
                                    root_shape_id: Relative(
                                        "rpcv2Cbor",
                                    ),
                                    shape_id_member: None,
                                },
                                body: None,
                            },
                            Trait {
                                shape_id: ShapeId {
                                    root_shape_id: Relative(
                                        "title",
                                    ),
                                    shape_id_member: None,
                                },
                                body: Some(
                                    Node(
                                        String(
                                            String(
                                                "RpcV2 Protocol Service",
                                            ),
                                        ),
                                    ),
                                ),
                            },
                        ],
                        shape: Entity(
                            EntityShape {
                                type_name: Service,
                                identifier: "RpcV2Protocol",
                                mixins: [],
                                nodes: [
                                    NodeKeyValuePair {
                                        key: "version",
                                        value: String(
                                            String(
                                                "2020-07-14",
                                            ),
                                        ),
                                    },
                                    NodeKeyValuePair {
                                        key: "operations",
                                        value: Array(
                                            [
                                                String(
                                                    ShapeId(
                                                        ShapeId {
                                                            root_shape_id: Relative(
                                                                "NoInputOutput",
                                                            ),
                                                            shape_id_member: None,
                                                        },
                                                    ),
                                                ),
                                                String(
                                                    ShapeId(
                                                        ShapeId {
                                                            root_shape_id: Relative(
                                                                "EmptyInputOutput",
                                                            ),
                                                            shape_id_member: None,
                                                        },
                                                    ),
                                                ),
                                                String(
                                                    ShapeId(
                                                        ShapeId {
                                                            root_shape_id: Relative(
                                                                "OptionalInputOutput",
                                                            ),
                                                            shape_id_member: None,
                                                        },
                                                    ),
                                                ),
                                                String(
                                                    ShapeId(
                                                        ShapeId {
                                                            root_shape_id: Relative(
                                                                "SimpleScalarProperties",
                                                            ),
                                                            shape_id_member: None,
                                                        },
                                                    ),
                                                ),
                                                String(
                                                    ShapeId(
                                                        ShapeId {
                                                            root_shape_id: Relative(
                                                                "RpcV2CborLists",
                                                            ),
                                                            shape_id_member: None,
                                                        },
                                                    ),
                                                ),
                                                String(
                                                    ShapeId(
                                                        ShapeId {
                                                            root_shape_id: Relative(
                                                                "RpcV2CborDenseMaps",
                                                            ),
                                                            shape_id_member: None,
                                                        },
                                                    ),
                                                ),
                                                String(
                                                    ShapeId(
                                                        ShapeId {
                                                            root_shape_id: Relative(
                                                                "RpcV2CborSparseMaps",
                                                            ),
                                                            shape_id_member: None,
                                                        },
                                                    ),
                                                ),
                                                String(
                                                    ShapeId(
                                                        ShapeId {
                                                            root_shape_id: Relative(
                                                                "RecursiveShapes",
                                                            ),
                                                            shape_id_member: None,
                                                        },
                                                    ),
                                                ),
                                                String(
                                                    ShapeId(
                                                        ShapeId {
                                                            root_shape_id: Relative(
                                                                "GreetingWithErrors",
                                                            ),
                                                            shape_id_member: None,
                                                        },
                                                    ),
                                                ),
                                                String(
                                                    ShapeId(
                                                        ShapeId {
                                                            root_shape_id: Relative(
                                                                "FractionalSeconds",
                                                            ),
                                                            shape_id_member: None,
                                                        },
                                                    ),
                                                ),
                                                String(
                                                    ShapeId(
                                                        ShapeId {
                                                            root_shape_id: Relative(
                                                                "OperationWithDefaults",
                                                            ),
                                                            shape_id_member: None,
                                                        },
                                                    ),
                                                ),
                                                String(
                                                    ShapeId(
                                                        ShapeId {
                                                            root_shape_id: Relative(
                                                                "SparseNullsOperation",
                                                            ),
                                                            shape_id_member: None,
                                                        },
                                                    ),
                                                ),
                                                String(
                                                    ShapeId(
                                                        ShapeId {
                                                            root_shape_id: Relative(
                                                                "Float16",
                                                            ),
                                                            shape_id_member: None,
                                                        },
                                                    ),
                                                ),
                                            ],
                                        ),
                                    },
                                ],
                            },
                        ),
                    },
                ),
                Shape(
                    ShapeWithTraits {
                        traits: [],
                        shape: Aggregate(
                            AggregateShape {
                                type_name: Structure,
                                identifier: "EmptyStructure",
                                for_resource: None,
                                mixins: [],
                                members: [],
                            },
                        ),
                    },
                ),
                Shape(
                    ShapeWithTraits {
                        traits: [],
                        shape: Aggregate(
                            AggregateShape {
                                type_name: Structure,
                                identifier: "SimpleStructure",
                                for_resource: None,
                                mixins: [],
                                members: [
                                    ShapeMember {
                                        traits: [],
                                        identifier: "value",
                                        shape_id: Some(
                                            ShapeId {
                                                root_shape_id: Relative(
                                                    "String",
                                                ),
                                                shape_id_member: None,
                                            },
                                        ),
                                        value: None,
                                    },
                                ],
                            },
                        ),
                    },
                ),
            ],
        },
    ),
}
