---
source: ironsmith-parser/src/lib.rs
expression: ast
input_file: ironsmith-parser/fixtures/float16.smithy
---
Ast {
    control: [
        (
            "version",
            String(
                "2.0",
            ),
        ),
    ],
    metadata: [],
    shapes: Some(
        ShapeSection {
            namespace: "smithy.protocoltests.rpcv2Cbor",
            uses: [
                "smithy.protocols#rpcv2Cbor",
                "smithy.test#httpResponseTests",
            ],
            shapes: [
                Shape(
                    ShapeWithTraits {
                        traits: [
                            Trait {
                                shape_id: "tags",
                                body: Some(
                                    Node(
                                        Array(
                                            [
                                                String(
                                                    "client-only",
                                                ),
                                            ],
                                        ),
                                    ),
                                ),
                            },
                        ],
                        shape: Operation(
                            OperationShape {
                                identifier: "Float16",
                                mixins: [],
                                body: [
                                    Output(
                                        Explicit(
                                            "Float16Output",
                                        ),
                                    ),
                                ],
                            },
                        ),
                    },
                ),
                Apply(
                    ApplyStatement {
                        shape_id: "Float16",
                        traits: [
                            Trait {
                                shape_id: "httpResponseTests",
                                body: Some(
                                    Node(
                                        Array(
                                            [
                                                Object(
                                                    [
                                                        NodeKeyValuePair {
                                                            key: "id",
                                                            value: String(
                                                                "RpcV2CborFloat16Inf",
                                                            ),
                                                        },
                                                        NodeKeyValuePair {
                                                            key: "documentation",
                                                            value: String(
                                                                "Ensures that clients can correctly parse float16 +Inf.",
                                                            ),
                                                        },
                                                        NodeKeyValuePair {
                                                            key: "protocol",
                                                            value: String(
                                                                "rpcv2Cbor",
                                                            ),
                                                        },
                                                        NodeKeyValuePair {
                                                            key: "code",
                                                            value: Number(
                                                                "200",
                                                            ),
                                                        },
                                                        NodeKeyValuePair {
                                                            key: "body",
                                                            value: String(
                                                                "oWV2YWx1Zfl8AA==",
                                                            ),
                                                        },
                                                        NodeKeyValuePair {
                                                            key: "headers",
                                                            value: Object(
                                                                [
                                                                    NodeKeyValuePair {
                                                                        key: "smithy-protocol",
                                                                        value: String(
                                                                            "rpc-v2-cbor",
                                                                        ),
                                                                    },
                                                                    NodeKeyValuePair {
                                                                        key: "Content-Type",
                                                                        value: String(
                                                                            "application/cbor",
                                                                        ),
                                                                    },
                                                                ],
                                                            ),
                                                        },
                                                        NodeKeyValuePair {
                                                            key: "params",
                                                            value: Object(
                                                                [
                                                                    NodeKeyValuePair {
                                                                        key: "value",
                                                                        value: String(
                                                                            "Infinity",
                                                                        ),
                                                                    },
                                                                ],
                                                            ),
                                                        },
                                                        NodeKeyValuePair {
                                                            key: "bodyMediaType",
                                                            value: String(
                                                                "application/cbor",
                                                            ),
                                                        },
                                                        NodeKeyValuePair {
                                                            key: "appliesTo",
                                                            value: String(
                                                                "client",
                                                            ),
                                                        },
                                                    ],
                                                ),
                                                Object(
                                                    [
                                                        NodeKeyValuePair {
                                                            key: "id",
                                                            value: String(
                                                                "RpcV2CborFloat16NegInf",
                                                            ),
                                                        },
                                                        NodeKeyValuePair {
                                                            key: "documentation",
                                                            value: String(
                                                                "Ensures that clients can correctly parse float16 -Inf.",
                                                            ),
                                                        },
                                                        NodeKeyValuePair {
                                                            key: "protocol",
                                                            value: String(
                                                                "rpcv2Cbor",
                                                            ),
                                                        },
                                                        NodeKeyValuePair {
                                                            key: "code",
                                                            value: Number(
                                                                "200",
                                                            ),
                                                        },
                                                        NodeKeyValuePair {
                                                            key: "body",
                                                            value: String(
                                                                "oWV2YWx1Zfn8AA==",
                                                            ),
                                                        },
                                                        NodeKeyValuePair {
                                                            key: "headers",
                                                            value: Object(
                                                                [
                                                                    NodeKeyValuePair {
                                                                        key: "smithy-protocol",
                                                                        value: String(
                                                                            "rpc-v2-cbor",
                                                                        ),
                                                                    },
                                                                    NodeKeyValuePair {
                                                                        key: "Content-Type",
                                                                        value: String(
                                                                            "application/cbor",
                                                                        ),
                                                                    },
                                                                ],
                                                            ),
                                                        },
                                                        NodeKeyValuePair {
                                                            key: "params",
                                                            value: Object(
                                                                [
                                                                    NodeKeyValuePair {
                                                                        key: "value",
                                                                        value: String(
                                                                            "-Infinity",
                                                                        ),
                                                                    },
                                                                ],
                                                            ),
                                                        },
                                                        NodeKeyValuePair {
                                                            key: "bodyMediaType",
                                                            value: String(
                                                                "application/cbor",
                                                            ),
                                                        },
                                                        NodeKeyValuePair {
                                                            key: "appliesTo",
                                                            value: String(
                                                                "client",
                                                            ),
                                                        },
                                                    ],
                                                ),
                                                Object(
                                                    [
                                                        NodeKeyValuePair {
                                                            key: "id",
                                                            value: String(
                                                                "RpcV2CborFloat16LSBNaN",
                                                            ),
                                                        },
                                                        NodeKeyValuePair {
                                                            key: "documentation",
                                                            value: String(
                                                                "Ensures that clients can correctly parse float16 NaN with high LSB.",
                                                            ),
                                                        },
                                                        NodeKeyValuePair {
                                                            key: "protocol",
                                                            value: String(
                                                                "rpcv2Cbor",
                                                            ),
                                                        },
                                                        NodeKeyValuePair {
                                                            key: "code",
                                                            value: Number(
                                                                "200",
                                                            ),
                                                        },
                                                        NodeKeyValuePair {
                                                            key: "body",
                                                            value: String(
                                                                "oWV2YWx1Zfl8AQ==",
                                                            ),
                                                        },
                                                        NodeKeyValuePair {
                                                            key: "headers",
                                                            value: Object(
                                                                [
                                                                    NodeKeyValuePair {
                                                                        key: "smithy-protocol",
                                                                        value: String(
                                                                            "rpc-v2-cbor",
                                                                        ),
                                                                    },
                                                                    NodeKeyValuePair {
                                                                        key: "Content-Type",
                                                                        value: String(
                                                                            "application/cbor",
                                                                        ),
                                                                    },
                                                                ],
                                                            ),
                                                        },
                                                        NodeKeyValuePair {
                                                            key: "params",
                                                            value: Object(
                                                                [
                                                                    NodeKeyValuePair {
                                                                        key: "value",
                                                                        value: String(
                                                                            "NaN",
                                                                        ),
                                                                    },
                                                                ],
                                                            ),
                                                        },
                                                        NodeKeyValuePair {
                                                            key: "bodyMediaType",
                                                            value: String(
                                                                "application/cbor",
                                                            ),
                                                        },
                                                        NodeKeyValuePair {
                                                            key: "appliesTo",
                                                            value: String(
                                                                "client",
                                                            ),
                                                        },
                                                    ],
                                                ),
                                                Object(
                                                    [
                                                        NodeKeyValuePair {
                                                            key: "id",
                                                            value: String(
                                                                "RpcV2CborFloat16MSBNaN",
                                                            ),
                                                        },
                                                        NodeKeyValuePair {
                                                            key: "documentation",
                                                            value: String(
                                                                "Ensures that clients can correctly parse float16 NaN with high MSB.",
                                                            ),
                                                        },
                                                        NodeKeyValuePair {
                                                            key: "protocol",
                                                            value: String(
                                                                "rpcv2Cbor",
                                                            ),
                                                        },
                                                        NodeKeyValuePair {
                                                            key: "code",
                                                            value: Number(
                                                                "200",
                                                            ),
                                                        },
                                                        NodeKeyValuePair {
                                                            key: "body",
                                                            value: String(
                                                                "oWV2YWx1Zfl+AA==",
                                                            ),
                                                        },
                                                        NodeKeyValuePair {
                                                            key: "headers",
                                                            value: Object(
                                                                [
                                                                    NodeKeyValuePair {
                                                                        key: "smithy-protocol",
                                                                        value: String(
                                                                            "rpc-v2-cbor",
                                                                        ),
                                                                    },
                                                                    NodeKeyValuePair {
                                                                        key: "Content-Type",
                                                                        value: String(
                                                                            "application/cbor",
                                                                        ),
                                                                    },
                                                                ],
                                                            ),
                                                        },
                                                        NodeKeyValuePair {
                                                            key: "params",
                                                            value: Object(
                                                                [
                                                                    NodeKeyValuePair {
                                                                        key: "value",
                                                                        value: String(
                                                                            "NaN",
                                                                        ),
                                                                    },
                                                                ],
                                                            ),
                                                        },
                                                        NodeKeyValuePair {
                                                            key: "bodyMediaType",
                                                            value: String(
                                                                "application/cbor",
                                                            ),
                                                        },
                                                        NodeKeyValuePair {
                                                            key: "appliesTo",
                                                            value: String(
                                                                "client",
                                                            ),
                                                        },
                                                    ],
                                                ),
                                                Object(
                                                    [
                                                        NodeKeyValuePair {
                                                            key: "id",
                                                            value: String(
                                                                "RpcV2CborFloat16Subnormal",
                                                            ),
                                                        },
                                                        NodeKeyValuePair {
                                                            key: "documentation",
                                                            value: String(
                                                                "Ensures that clients can correctly parse a subnormal float16.",
                                                            ),
                                                        },
                                                        NodeKeyValuePair {
                                                            key: "protocol",
                                                            value: String(
                                                                "rpcv2Cbor",
                                                            ),
                                                        },
                                                        NodeKeyValuePair {
                                                            key: "code",
                                                            value: Number(
                                                                "200",
                                                            ),
                                                        },
                                                        NodeKeyValuePair {
                                                            key: "body",
                                                            value: String(
                                                                "oWV2YWx1ZfkAUA==",
                                                            ),
                                                        },
                                                        NodeKeyValuePair {
                                                            key: "headers",
                                                            value: Object(
                                                                [
                                                                    NodeKeyValuePair {
                                                                        key: "smithy-protocol",
                                                                        value: String(
                                                                            "rpc-v2-cbor",
                                                                        ),
                                                                    },
                                                                    NodeKeyValuePair {
                                                                        key: "Content-Type",
                                                                        value: String(
                                                                            "application/cbor",
                                                                        ),
                                                                    },
                                                                ],
                                                            ),
                                                        },
                                                        NodeKeyValuePair {
                                                            key: "params",
                                                            value: Object(
                                                                [
                                                                    NodeKeyValuePair {
                                                                        key: "value",
                                                                        value: Number(
                                                                            "0.00000476837158203125",
                                                                        ),
                                                                    },
                                                                ],
                                                            ),
                                                        },
                                                        NodeKeyValuePair {
                                                            key: "bodyMediaType",
                                                            value: String(
                                                                "application/cbor",
                                                            ),
                                                        },
                                                        NodeKeyValuePair {
                                                            key: "appliesTo",
                                                            value: String(
                                                                "client",
                                                            ),
                                                        },
                                                    ],
                                                ),
                                            ],
                                        ),
                                    ),
                                ),
                            },
                        ],
                    },
                ),
                Shape(
                    ShapeWithTraits {
                        traits: [],
                        shape: Aggregate(
                            AggregateShape {
                                type_name: Structure,
                                identifier: "Float16Output",
                                for_resource: None,
                                mixins: [],
                                members: [
                                    ShapeMember {
                                        traits: [],
                                        identifier: "value",
                                        shape_id: Some(
                                            "Double",
                                        ),
                                        value: None,
                                    },
                                ],
                            },
                        ),
                    },
                ),
            ],
        },
    ),
}
