---
source: ironsmith-parser/src/lib.rs
expression: ast
input_file: ironsmith-parser/fixtures/fractional-seconds.smithy
---
Ast {
    control: [
        (
            "version",
            String(
                String(
                    "2.0",
                ),
            ),
        ),
    ],
    metadata: [],
    shapes: Some(
        ShapeSection {
            namespace: "smithy.protocoltests.rpcv2Cbor",
            uses: [
                AbsoluteRootShapeId {
                    namespace: "smithy.protocols",
                    identifier: "rpcv2Cbor",
                },
                AbsoluteRootShapeId {
                    namespace: "smithy.protocoltests.shared",
                    identifier: "DateTime",
                },
                AbsoluteRootShapeId {
                    namespace: "smithy.test",
                    identifier: "httpResponseTests",
                },
            ],
            shapes: [
                Shape(
                    ShapeWithTraits {
                        traits: [
                            Trait {
                                shape_id: ShapeId {
                                    root_shape_id: Relative(
                                        "tags",
                                    ),
                                    shape_id_member: None,
                                },
                                body: Some(
                                    Node(
                                        Array(
                                            [
                                                String(
                                                    String(
                                                        "client-only",
                                                    ),
                                                ),
                                            ],
                                        ),
                                    ),
                                ),
                            },
                        ],
                        shape: Operation(
                            OperationShape {
                                identifier: "FractionalSeconds",
                                mixins: [],
                                body: [
                                    Output(
                                        Explicit(
                                            ShapeId {
                                                root_shape_id: Relative(
                                                    "FractionalSecondsOutput",
                                                ),
                                                shape_id_member: None,
                                            },
                                        ),
                                    ),
                                ],
                            },
                        ),
                    },
                ),
                Apply(
                    ApplyStatement {
                        shape_id: ShapeId {
                            root_shape_id: Relative(
                                "FractionalSeconds",
                            ),
                            shape_id_member: None,
                        },
                        traits: [
                            Trait {
                                shape_id: ShapeId {
                                    root_shape_id: Relative(
                                        "httpResponseTests",
                                    ),
                                    shape_id_member: None,
                                },
                                body: Some(
                                    Node(
                                        Array(
                                            [
                                                Object(
                                                    [
                                                        NodeKeyValuePair {
                                                            key: "id",
                                                            value: String(
                                                                String(
                                                                    "RpcV2CborDateTimeWithFractionalSeconds",
                                                                ),
                                                            ),
                                                        },
                                                        NodeKeyValuePair {
                                                            key: "documentation",
                                                            value: String(
                                                                String(
                                                                    "Ensures that clients can correctly parse timestamps with fractional seconds",
                                                                ),
                                                            ),
                                                        },
                                                        NodeKeyValuePair {
                                                            key: "protocol",
                                                            value: String(
                                                                ShapeId(
                                                                    ShapeId {
                                                                        root_shape_id: Relative(
                                                                            "rpcv2Cbor",
                                                                        ),
                                                                        shape_id_member: None,
                                                                    },
                                                                ),
                                                            ),
                                                        },
                                                        NodeKeyValuePair {
                                                            key: "code",
                                                            value: Number(
                                                                "200",
                                                            ),
                                                        },
                                                        NodeKeyValuePair {
                                                            key: "body",
                                                            value: String(
                                                                String(
                                                                    "v2hkYXRldGltZcH7Qcw32zgPvnf/",
                                                                ),
                                                            ),
                                                        },
                                                        NodeKeyValuePair {
                                                            key: "headers",
                                                            value: Object(
                                                                [
                                                                    NodeKeyValuePair {
                                                                        key: "smithy-protocol",
                                                                        value: String(
                                                                            String(
                                                                                "rpc-v2-cbor",
                                                                            ),
                                                                        ),
                                                                    },
                                                                    NodeKeyValuePair {
                                                                        key: "Content-Type",
                                                                        value: String(
                                                                            String(
                                                                                "application/cbor",
                                                                            ),
                                                                        ),
                                                                    },
                                                                ],
                                                            ),
                                                        },
                                                        NodeKeyValuePair {
                                                            key: "params",
                                                            value: Object(
                                                                [
                                                                    NodeKeyValuePair {
                                                                        key: "datetime",
                                                                        value: Number(
                                                                            "946845296.123",
                                                                        ),
                                                                    },
                                                                ],
                                                            ),
                                                        },
                                                        NodeKeyValuePair {
                                                            key: "bodyMediaType",
                                                            value: String(
                                                                String(
                                                                    "application/cbor",
                                                                ),
                                                            ),
                                                        },
                                                        NodeKeyValuePair {
                                                            key: "appliesTo",
                                                            value: String(
                                                                String(
                                                                    "client",
                                                                ),
                                                            ),
                                                        },
                                                    ],
                                                ),
                                            ],
                                        ),
                                    ),
                                ),
                            },
                        ],
                    },
                ),
                Shape(
                    ShapeWithTraits {
                        traits: [],
                        shape: Aggregate(
                            AggregateShape {
                                type_name: Structure,
                                identifier: "FractionalSecondsOutput",
                                for_resource: None,
                                mixins: [],
                                members: [
                                    ShapeMember {
                                        traits: [],
                                        identifier: "datetime",
                                        shape_id: Some(
                                            ShapeId {
                                                root_shape_id: Relative(
                                                    "DateTime",
                                                ),
                                                shape_id_member: None,
                                            },
                                        ),
                                        value: None,
                                    },
                                ],
                            },
                        ),
                    },
                ),
            ],
        },
    ),
}
